// Jest Snapshot v1, https://goo.gl/fbAQLP

exports[`Renders properly 1`] = `<LabsListIframes />`;
